// Jest Snapshot v1, https://goo.gl/fbAQLP

exports[`Testing on <PrimeraApp /> should show <PrimeraApp /> correctamente 1`] = `
<Fragment>
  <h1>
     
    Hola, soy Goku
     
  </h1>
  <p>
    Soy un subtitulo
  </p>
</Fragment>
`;
